
> global-resonance-frontend@1.0.0 dev
> vite --port 5173


  [32m[1mVITE[22m v8.0.5[39m  [2mready in [0m[1m462[22m[2m[0m ms[22m

  [32m➜[39m  [1mLocal[22m:   [36mhttp://localhost:[1m5173[22m/[39m
  [32m➜[39m  [1mNetwork[22m: [36mhttp://172.22.80.1:[1m5173[22m/[39m
  [32m➜[39m  [1mNetwork[22m: [36mhttp://169.254.151.150:[1m5173[22m/[39m
  [32m➜[39m  [1mNetwork[22m: [36mhttp://192.168.1.171:[1m5173[22m/[39m
  [32m➜[39m  [1mNetwork[22m: [36mhttp://172.23.112.1:[1m5173[22m/[39m
[2m3:37:59 AM[22m [31m[1m[vite][22m[39m [31m[2m(client)[22m[39m [31m[Unhandled rejection] [1mTypeError[22m: Cannot read properties of undefined (reading 'toFixed')
[39m > updLunar src/main.js:2534:201
    2532 |  function updXRS(d) { if (!d) return; if (d.current_flux) { const f = d.current_flux; const cl = f >= 1e-4 ? `X${(f / ...
    2533 |  function updSun(d) { if (!d?.images) return; window._si = d.images; const img = document.getElementById('sun-image');...
    2534 |  ...il').textContent = `${d.illumination}% | F:${d.tidal_force.toFixed(2)} | dF:${d.tidal_rate.toFixed(2)}`; document....
         |                                                                 ^
    2535 |  function updCR(d) { if (!d?.stations) return; const ks = Object.keys(d.stations); if (!ks.length) return; const avg =...
    2536 |  function updGlobalCR(d) { if (!d || d.error) return; const stEl = document.getElementById('cr-stations'); if (stEl) s...
 > poll src/main.js:2649:15

[2m3:38:00 AM[22m [31m[1m[vite][22m[39m [31m[2m(client)[22m[39m [31m[Unhandled rejection] [1mDeveloperError[22m: Expected longitude to be typeof number, actual typeof was undefined
[39m > new DeveloperError node_modules/@cesium/engine/Source/Core/DeveloperError.js:39:10
 > Check.typeOf.number node_modules/@cesium/engine/Source/Core/Check.js:75:10
 > Cartesian3.fromDegrees node_modules/@cesium/engine/Source/Core/Cartesian3.js:841:17
 > updateSubsolar src/main.js:424:37
    422 |      // Subsolar point marker
    423 |      subsolarEntity = ds.entities.add({
    424 |          position: Cesium.Cartesian3.fromDegrees(data.lon, data.lat, 50000),
        |                                       ^
    425 |          point: {
    426 |              pixelSize: 18,

[2m3:38:00 AM[22m [31m[1m[vite][22m[39m [31m[2m(client)[22m[39m [31m[Unhandled rejection] [1mDeveloperError[22m: normalized result is not a number
[39m > new DeveloperError node_modules/@cesium/engine/Source/Core/DeveloperError.js:39:10
 > Cartesian3.normalize node_modules/@cesium/engine/Source/Core/Cartesian3.js:419:12
 > Cartesian3.fromRadians node_modules/@cesium/engine/Source/Core/Cartesian3.js:886:26
 > Cartesian3.fromDegrees node_modules/@cesium/engine/Source/Core/Cartesian3.js:847:22
 > Cartesian3.fromDegreesArray node_modules/@cesium/engine/Source/Core/Cartesian3.js:931:33
 > updateTerminator src/main.js:484:42
    482 |      ds.entities.add({
    483 |          polyline: {
    484 |              positions: Cesium.Cartesian3.fromDegreesArray(positions),
        |                                            ^
    485 |              width: 2,
    486 |              material: new Cesium.ColorMaterialProperty(

[2m3:38:01 AM[22m [31m[1m[vite][22m[39m [31m[2m(client)[22m[39m [31m[Unhandled rejection] [1mDeveloperError[22m: normalized result is not a number
[39m > new DeveloperError node_modules/@cesium/engine/Source/Core/DeveloperError.js:39:10
 > Cartesian3.normalize node_modules/@cesium/engine/Source/Core/Cartesian3.js:419:12
 > Cartesian3.fromRadians node_modules/@cesium/engine/Source/Core/Cartesian3.js:886:26
 > Cartesian3.fromDegrees node_modules/@cesium/engine/Source/Core/Cartesian3.js:847:22
 > Cartesian3.fromDegreesArrayHeights node_modules/@cesium/engine/Source/Core/Cartesian3.js:1020:33
 > buildSolarWindFlow src/main.js:721:46
    719 |          ds.entities.add({
    720 |              polyline: {
    721 |                  positions: Cesium.Cartesian3.fromDegreesArrayHeights(pts),
        |                                                ^
    722 |                  width: width,
    723 |                  material: new Cesium.PolylineGlowMaterialProperty({

[2m3:38:29 AM[22m [31m[1m[vite][22m[39m [31m[2m(client)[22m[39m [31m[Unhandled rejection] [1mTypeError[22m: Cannot read properties of undefined (reading 'toFixed')
[39m > updLunar src/main.js:2534:201
    2532 |  function updXRS(d) { if (!d) return; if (d.current_flux) { const f = d.current_flux; const cl = f >= 1e-4 ? `X${(f / ...
    2533 |  function updSun(d) { if (!d?.images) return; window._si = d.images; const img = document.getElementById('sun-image');...
    2534 |  ...il').textContent = `${d.illumination}% | F:${d.tidal_force.toFixed(2)} | dF:${d.tidal_rate.toFixed(2)}`; document....
         |                                                                 ^
    2535 |  function updCR(d) { if (!d?.stations) return; const ks = Object.keys(d.stations); if (!ks.length) return; const avg =...
    2536 |  function updGlobalCR(d) { if (!d || d.error) return; const stEl = document.getElementById('cr-stations'); if (stEl) s...
 > poll src/main.js:2649:15

[2m3:38:29 AM[22m [31m[1m[vite][22m[39m [31m[2m(client)[22m[39m [31m[Unhandled rejection] [1mDeveloperError[22m: Expected longitude to be typeof number, actual typeof was undefined
[39m > new DeveloperError node_modules/@cesium/engine/Source/Core/DeveloperError.js:39:10
 > Check.typeOf.number node_modules/@cesium/engine/Source/Core/Check.js:75:10
 > Cartesian3.fromDegrees node_modules/@cesium/engine/Source/Core/Cartesian3.js:841:17
 > updateSubsolar src/main.js:424:37
    422 |      // Subsolar point marker
    423 |      subsolarEntity = ds.entities.add({
    424 |          position: Cesium.Cartesian3.fromDegrees(data.lon, data.lat, 50000),
        |                                       ^
    425 |          point: {
    426 |              pixelSize: 18,

[2m3:38:29 AM[22m [31m[1m[vite][22m[39m [31m[2m(client)[22m[39m [31m[Unhandled rejection] [1mDeveloperError[22m: normalized result is not a number
[39m > new DeveloperError node_modules/@cesium/engine/Source/Core/DeveloperError.js:39:10
 > Cartesian3.normalize node_modules/@cesium/engine/Source/Core/Cartesian3.js:419:12
 > Cartesian3.fromRadians node_modules/@cesium/engine/Source/Core/Cartesian3.js:886:26
 > Cartesian3.fromDegrees node_modules/@cesium/engine/Source/Core/Cartesian3.js:847:22
 > Cartesian3.fromDegreesArray node_modules/@cesium/engine/Source/Core/Cartesian3.js:931:33
 > updateTerminator src/main.js:484:42
    482 |      ds.entities.add({
    483 |          polyline: {
    484 |              positions: Cesium.Cartesian3.fromDegreesArray(positions),
        |                                            ^
    485 |              width: 2,
    486 |              material: new Cesium.ColorMaterialProperty(

[2m3:38:30 AM[22m [31m[1m[vite][22m[39m [31m[2m(client)[22m[39m [31m[Unhandled rejection] [1mDeveloperError[22m: normalized result is not a number
[39m > new DeveloperError node_modules/@cesium/engine/Source/Core/DeveloperError.js:39:10
 > Cartesian3.normalize node_modules/@cesium/engine/Source/Core/Cartesian3.js:419:12
 > Cartesian3.fromRadians node_modules/@cesium/engine/Source/Core/Cartesian3.js:886:26
 > Cartesian3.fromDegrees node_modules/@cesium/engine/Source/Core/Cartesian3.js:847:22
 > Cartesian3.fromDegreesArrayHeights node_modules/@cesium/engine/Source/Core/Cartesian3.js:1020:33
 > buildSolarWindFlow src/main.js:721:46
    719 |          ds.entities.add({
    720 |              polyline: {
    721 |                  positions: Cesium.Cartesian3.fromDegreesArrayHeights(pts),
        |                                                ^
    722 |                  width: width,
    723 |                  material: new Cesium.PolylineGlowMaterialProperty({

[2m3:38:59 AM[22m [31m[1m[vite][22m[39m [31m[2m(client)[22m[39m [31m[Unhandled rejection] [1mTypeError[22m: Cannot read properties of undefined (reading 'toFixed')
[39m > updLunar src/main.js:2534:201
    2532 |  function updXRS(d) { if (!d) return; if (d.current_flux) { const f = d.current_flux; const cl = f >= 1e-4 ? `X${(f / ...
    2533 |  function updSun(d) { if (!d?.images) return; window._si = d.images; const img = document.getElementById('sun-image');...
    2534 |  ...il').textContent = `${d.illumination}% | F:${d.tidal_force.toFixed(2)} | dF:${d.tidal_rate.toFixed(2)}`; document....
         |                                                                 ^
    2535 |  function updCR(d) { if (!d?.stations) return; const ks = Object.keys(d.stations); if (!ks.length) return; const avg =...
    2536 |  function updGlobalCR(d) { if (!d || d.error) return; const stEl = document.getElementById('cr-stations'); if (stEl) s...
 > poll src/main.js:2649:15

[2m3:38:59 AM[22m [31m[1m[vite][22m[39m [31m[2m(client)[22m[39m [31m[Unhandled rejection] [1mDeveloperError[22m: Expected longitude to be typeof number, actual typeof was undefined
[39m > new DeveloperError node_modules/@cesium/engine/Source/Core/DeveloperError.js:39:10
 > Check.typeOf.number node_modules/@cesium/engine/Source/Core/Check.js:75:10
 > Cartesian3.fromDegrees node_modules/@cesium/engine/Source/Core/Cartesian3.js:841:17
 > updateSubsolar src/main.js:424:37
    422 |      // Subsolar point marker
    423 |      subsolarEntity = ds.entities.add({
    424 |          position: Cesium.Cartesian3.fromDegrees(data.lon, data.lat, 50000),
        |                                       ^
    425 |          point: {
    426 |              pixelSize: 18,

[2m3:39:00 AM[22m [31m[1m[vite][22m[39m [31m[2m(client)[22m[39m [31m[Unhandled rejection] [1mDeveloperError[22m: normalized result is not a number
[39m > new DeveloperError node_modules/@cesium/engine/Source/Core/DeveloperError.js:39:10
 > Cartesian3.normalize node_modules/@cesium/engine/Source/Core/Cartesian3.js:419:12
 > Cartesian3.fromRadians node_modules/@cesium/engine/Source/Core/Cartesian3.js:886:26
 > Cartesian3.fromDegrees node_modules/@cesium/engine/Source/Core/Cartesian3.js:847:22
 > Cartesian3.fromDegreesArray node_modules/@cesium/engine/Source/Core/Cartesian3.js:931:33
 > updateTerminator src/main.js:484:42
    482 |      ds.entities.add({
    483 |          polyline: {
    484 |              positions: Cesium.Cartesian3.fromDegreesArray(positions),
        |                                            ^
    485 |              width: 2,
    486 |              material: new Cesium.ColorMaterialProperty(

[2m3:39:00 AM[22m [31m[1m[vite][22m[39m [31m[2m(client)[22m[39m [31m[Unhandled rejection] [1mDeveloperError[22m: normalized result is not a number
[39m > new DeveloperError node_modules/@cesium/engine/Source/Core/DeveloperError.js:39:10
 > Cartesian3.normalize node_modules/@cesium/engine/Source/Core/Cartesian3.js:419:12
 > Cartesian3.fromRadians node_modules/@cesium/engine/Source/Core/Cartesian3.js:886:26
 > Cartesian3.fromDegrees node_modules/@cesium/engine/Source/Core/Cartesian3.js:847:22
 > Cartesian3.fromDegreesArrayHeights node_modules/@cesium/engine/Source/Core/Cartesian3.js:1020:33
 > buildSolarWindFlow src/main.js:721:46
    719 |          ds.entities.add({
    720 |              polyline: {
    721 |                  positions: Cesium.Cartesian3.fromDegreesArrayHeights(pts),
        |                                                ^
    722 |                  width: width,
    723 |                  material: new Cesium.PolylineGlowMaterialProperty({

[2m3:45:43 AM[22m [31m[1m[vite][22m[39m [31m[2m(client)[22m[39m [31m[Unhandled rejection] [1mTypeError[22m: Cannot read properties of undefined (reading 'toFixed')
[39m > updLunar src/main.js:2534:201
    2532 |  function updXRS(d) { if (!d) return; if (d.current_flux) { const f = d.current_flux; const cl = f >= 1e-4 ? `X${(f / ...
    2533 |  function updSun(d) { if (!d?.images) return; window._si = d.images; const img = document.getElementById('sun-image');...
    2534 |  ...il').textContent = `${d.illumination}% | F:${d.tidal_force.toFixed(2)} | dF:${d.tidal_rate.toFixed(2)}`; document....
         |                                                                 ^
    2535 |  function updCR(d) { if (!d?.stations) return; const ks = Object.keys(d.stations); if (!ks.length) return; const avg =...
    2536 |  function updGlobalCR(d) { if (!d || d.error) return; const stEl = document.getElementById('cr-stations'); if (stEl) s...
 > poll src/main.js:2649:15

[2m3:45:44 AM[22m [31m[1m[vite][22m[39m [31m[2m(client)[22m[39m [31m[Unhandled rejection] [1mDeveloperError[22m: Expected longitude to be typeof number, actual typeof was undefined
[39m > new DeveloperError node_modules/@cesium/engine/Source/Core/DeveloperError.js:39:10
 > Check.typeOf.number node_modules/@cesium/engine/Source/Core/Check.js:75:10
 > Cartesian3.fromDegrees node_modules/@cesium/engine/Source/Core/Cartesian3.js:841:17
 > updateSubsolar src/main.js:424:37
    422 |      // Subsolar point marker
    423 |      subsolarEntity = ds.entities.add({
    424 |          position: Cesium.Cartesian3.fromDegrees(data.lon, data.lat, 50000),
        |                                       ^
    425 |          point: {
    426 |              pixelSize: 18,

[2m3:45:44 AM[22m [31m[1m[vite][22m[39m [31m[2m(client)[22m[39m [31m[Unhandled rejection] [1mDeveloperError[22m: normalized result is not a number
[39m > new DeveloperError node_modules/@cesium/engine/Source/Core/DeveloperError.js:39:10
 > Cartesian3.normalize node_modules/@cesium/engine/Source/Core/Cartesian3.js:419:12
 > Cartesian3.fromRadians node_modules/@cesium/engine/Source/Core/Cartesian3.js:886:26
 > Cartesian3.fromDegrees node_modules/@cesium/engine/Source/Core/Cartesian3.js:847:22
 > Cartesian3.fromDegreesArray node_modules/@cesium/engine/Source/Core/Cartesian3.js:931:33
 > updateTerminator src/main.js:484:42
    482 |      ds.entities.add({
    483 |          polyline: {
    484 |              positions: Cesium.Cartesian3.fromDegreesArray(positions),
        |                                            ^
    485 |              width: 2,
    486 |              material: new Cesium.ColorMaterialProperty(

[2m3:45:45 AM[22m [31m[1m[vite][22m[39m [31m[2m(client)[22m[39m [31m[Unhandled rejection] [1mDeveloperError[22m: normalized result is not a number
[39m > new DeveloperError node_modules/@cesium/engine/Source/Core/DeveloperError.js:39:10
 > Cartesian3.normalize node_modules/@cesium/engine/Source/Core/Cartesian3.js:419:12
 > Cartesian3.fromRadians node_modules/@cesium/engine/Source/Core/Cartesian3.js:886:26
 > Cartesian3.fromDegrees node_modules/@cesium/engine/Source/Core/Cartesian3.js:847:22
 > Cartesian3.fromDegreesArrayHeights node_modules/@cesium/engine/Source/Core/Cartesian3.js:1020:33
 > buildSolarWindFlow src/main.js:721:46
    719 |          ds.entities.add({
    720 |              polyline: {
    721 |                  positions: Cesium.Cartesian3.fromDegreesArrayHeights(pts),
        |                                                ^
    722 |                  width: width,
    723 |                  material: new Cesium.PolylineGlowMaterialProperty({

[2m3:45:59 AM[22m [31m[1m[vite][22m[39m [31m[2m(client)[22m[39m [31m[Unhandled rejection] [1mTypeError[22m: Cannot read properties of undefined (reading 'toFixed')
[39m > updLunar src/main.js:2534:201
    2532 |  function updXRS(d) { if (!d) return; if (d.current_flux) { const f = d.current_flux; const cl = f >= 1e-4 ? `X${(f / ...
    2533 |  function updSun(d) { if (!d?.images) return; window._si = d.images; const img = document.getElementById('sun-image');...
    2534 |  ...il').textContent = `${d.illumination}% | F:${d.tidal_force.toFixed(2)} | dF:${d.tidal_rate.toFixed(2)}`; document....
         |                                                                 ^
    2535 |  function updCR(d) { if (!d?.stations) return; const ks = Object.keys(d.stations); if (!ks.length) return; const avg =...
    2536 |  function updGlobalCR(d) { if (!d || d.error) return; const stEl = document.getElementById('cr-stations'); if (stEl) s...
 > poll src/main.js:2649:15

[2m3:45:59 AM[22m [31m[1m[vite][22m[39m [31m[2m(client)[22m[39m [31m[Unhandled rejection] [1mDeveloperError[22m: Expected longitude to be typeof number, actual typeof was undefined
[39m > new DeveloperError node_modules/@cesium/engine/Source/Core/DeveloperError.js:39:10
 > Check.typeOf.number node_modules/@cesium/engine/Source/Core/Check.js:75:10
 > Cartesian3.fromDegrees node_modules/@cesium/engine/Source/Core/Cartesian3.js:841:17
 > updateSubsolar src/main.js:424:37
    422 |      // Subsolar point marker
    423 |      subsolarEntity = ds.entities.add({
    424 |          position: Cesium.Cartesian3.fromDegrees(data.lon, data.lat, 50000),
        |                                       ^
    425 |          point: {
    426 |              pixelSize: 18,

[2m3:46:00 AM[22m [31m[1m[vite][22m[39m [31m[2m(client)[22m[39m [31m[Unhandled rejection] [1mDeveloperError[22m: normalized result is not a number
[39m > new DeveloperError node_modules/@cesium/engine/Source/Core/DeveloperError.js:39:10
 > Cartesian3.normalize node_modules/@cesium/engine/Source/Core/Cartesian3.js:419:12
 > Cartesian3.fromRadians node_modules/@cesium/engine/Source/Core/Cartesian3.js:886:26
 > Cartesian3.fromDegrees node_modules/@cesium/engine/Source/Core/Cartesian3.js:847:22
 > Cartesian3.fromDegreesArray node_modules/@cesium/engine/Source/Core/Cartesian3.js:931:33
 > updateTerminator src/main.js:484:42
    482 |      ds.entities.add({
    483 |          polyline: {
    484 |              positions: Cesium.Cartesian3.fromDegreesArray(positions),
        |                                            ^
    485 |              width: 2,
    486 |              material: new Cesium.ColorMaterialProperty(

[2m3:46:00 AM[22m [31m[1m[vite][22m[39m [31m[2m(client)[22m[39m [31m[Unhandled rejection] [1mDeveloperError[22m: normalized result is not a number
[39m > new DeveloperError node_modules/@cesium/engine/Source/Core/DeveloperError.js:39:10
 > Cartesian3.normalize node_modules/@cesium/engine/Source/Core/Cartesian3.js:419:12
 > Cartesian3.fromRadians node_modules/@cesium/engine/Source/Core/Cartesian3.js:886:26
 > Cartesian3.fromDegrees node_modules/@cesium/engine/Source/Core/Cartesian3.js:847:22
 > Cartesian3.fromDegreesArrayHeights node_modules/@cesium/engine/Source/Core/Cartesian3.js:1020:33
 > buildSolarWindFlow src/main.js:721:46
    719 |          ds.entities.add({
    720 |              polyline: {
    721 |                  positions: Cesium.Cartesian3.fromDegreesArrayHeights(pts),
        |                                                ^
    722 |                  width: width,
    723 |                  material: new Cesium.PolylineGlowMaterialProperty({

[2m5:08:24 PM[22m [31m[1m[vite][22m[39m [31m[2m(client)[22m[39m [31m[Unhandled rejection] [1mTypeError[22m: Cannot read properties of undefined (reading 'toFixed')
[39m > updLunar src/main.js:2534:201
    2532 |  function updXRS(d) { if (!d) return; if (d.current_flux) { const f = d.current_flux; const cl = f >= 1e-4 ? `X${(f / ...
    2533 |  function updSun(d) { if (!d?.images) return; window._si = d.images; const img = document.getElementById('sun-image');...
    2534 |  ...il').textContent = `${d.illumination}% | F:${d.tidal_force.toFixed(2)} | dF:${d.tidal_rate.toFixed(2)}`; document....
         |                                                                 ^
    2535 |  function updCR(d) { if (!d?.stations) return; const ks = Object.keys(d.stations); if (!ks.length) return; const avg =...
    2536 |  function updGlobalCR(d) { if (!d || d.error) return; const stEl = document.getElementById('cr-stations'); if (stEl) s...
 > poll src/main.js:2649:15

[2m5:08:24 PM[22m [31m[1m[vite][22m[39m [31m[2m(client)[22m[39m [31m[Unhandled rejection] [1mDeveloperError[22m: Expected longitude to be typeof number, actual typeof was undefined
[39m > new DeveloperError node_modules/@cesium/engine/Source/Core/DeveloperError.js:39:10
 > Check.typeOf.number node_modules/@cesium/engine/Source/Core/Check.js:75:10
 > Cartesian3.fromDegrees node_modules/@cesium/engine/Source/Core/Cartesian3.js:841:17
 > updateSubsolar src/main.js:424:37
    422 |      // Subsolar point marker
    423 |      subsolarEntity = ds.entities.add({
    424 |          position: Cesium.Cartesian3.fromDegrees(data.lon, data.lat, 50000),
        |                                       ^
    425 |          point: {
    426 |              pixelSize: 18,

[2m5:08:25 PM[22m [31m[1m[vite][22m[39m [31m[2m(client)[22m[39m [31m[Unhandled rejection] [1mDeveloperError[22m: normalized result is not a number
[39m > new DeveloperError node_modules/@cesium/engine/Source/Core/DeveloperError.js:39:10
 > Cartesian3.normalize node_modules/@cesium/engine/Source/Core/Cartesian3.js:419:12
 > Cartesian3.fromRadians node_modules/@cesium/engine/Source/Core/Cartesian3.js:886:26
 > Cartesian3.fromDegrees node_modules/@cesium/engine/Source/Core/Cartesian3.js:847:22
 > Cartesian3.fromDegreesArray node_modules/@cesium/engine/Source/Core/Cartesian3.js:931:33
 > updateTerminator src/main.js:484:42
    482 |      ds.entities.add({
    483 |          polyline: {
    484 |              positions: Cesium.Cartesian3.fromDegreesArray(positions),
        |                                            ^
    485 |              width: 2,
    486 |              material: new Cesium.ColorMaterialProperty(

[2m5:08:26 PM[22m [31m[1m[vite][22m[39m [31m[2m(client)[22m[39m [31m[Unhandled rejection] [1mDeveloperError[22m: normalized result is not a number
[39m > new DeveloperError node_modules/@cesium/engine/Source/Core/DeveloperError.js:39:10
 > Cartesian3.normalize node_modules/@cesium/engine/Source/Core/Cartesian3.js:419:12
 > Cartesian3.fromRadians node_modules/@cesium/engine/Source/Core/Cartesian3.js:886:26
 > Cartesian3.fromDegrees node_modules/@cesium/engine/Source/Core/Cartesian3.js:847:22
 > Cartesian3.fromDegreesArrayHeights node_modules/@cesium/engine/Source/Core/Cartesian3.js:1020:33
 > buildSolarWindFlow src/main.js:721:46
    719 |          ds.entities.add({
    720 |              polyline: {
    721 |                  positions: Cesium.Cartesian3.fromDegreesArrayHeights(pts),
        |                                                ^
    722 |                  width: width,
    723 |                  material: new Cesium.PolylineGlowMaterialProperty({

[2m4:43:50 AM[22m [31m[1m[vite][22m[39m [31m[2m(client)[22m[39m [31m[Unhandled rejection] [1mTypeError[22m: Cannot read properties of undefined (reading 'toFixed')
[39m > updLunar src/main.js:2534:201
    2532 |  function updXRS(d) { if (!d) return; if (d.current_flux) { const f = d.current_flux; const cl = f >= 1e-4 ? `X${(f / ...
    2533 |  function updSun(d) { if (!d?.images) return; window._si = d.images; const img = document.getElementById('sun-image');...
    2534 |  ...il').textContent = `${d.illumination}% | F:${d.tidal_force.toFixed(2)} | dF:${d.tidal_rate.toFixed(2)}`; document....
         |                                                                 ^
    2535 |  function updCR(d) { if (!d?.stations) return; const ks = Object.keys(d.stations); if (!ks.length) return; const avg =...
    2536 |  function updGlobalCR(d) { if (!d || d.error) return; const stEl = document.getElementById('cr-stations'); if (stEl) s...
 > poll src/main.js:2649:15

[2m4:43:51 AM[22m [31m[1m[vite][22m[39m [31m[2m(client)[22m[39m [31m[Unhandled rejection] [1mDeveloperError[22m: Expected longitude to be typeof number, actual typeof was undefined
[39m > new DeveloperError node_modules/@cesium/engine/Source/Core/DeveloperError.js:39:10
 > Check.typeOf.number node_modules/@cesium/engine/Source/Core/Check.js:75:10
 > Cartesian3.fromDegrees node_modules/@cesium/engine/Source/Core/Cartesian3.js:841:17
 > updateSubsolar src/main.js:424:37
    422 |      // Subsolar point marker
    423 |      subsolarEntity = ds.entities.add({
    424 |          position: Cesium.Cartesian3.fromDegrees(data.lon, data.lat, 50000),
        |                                       ^
    425 |          point: {
    426 |              pixelSize: 18,

[2m4:43:51 AM[22m [31m[1m[vite][22m[39m [31m[2m(client)[22m[39m [31m[Unhandled rejection] [1mDeveloperError[22m: normalized result is not a number
[39m > new DeveloperError node_modules/@cesium/engine/Source/Core/DeveloperError.js:39:10
 > Cartesian3.normalize node_modules/@cesium/engine/Source/Core/Cartesian3.js:419:12
 > Cartesian3.fromRadians node_modules/@cesium/engine/Source/Core/Cartesian3.js:886:26
 > Cartesian3.fromDegrees node_modules/@cesium/engine/Source/Core/Cartesian3.js:847:22
 > Cartesian3.fromDegreesArray node_modules/@cesium/engine/Source/Core/Cartesian3.js:931:33
 > updateTerminator src/main.js:484:42
    482 |      ds.entities.add({
    483 |          polyline: {
    484 |              positions: Cesium.Cartesian3.fromDegreesArray(positions),
        |                                            ^
    485 |              width: 2,
    486 |              material: new Cesium.ColorMaterialProperty(

[2m4:43:52 AM[22m [31m[1m[vite][22m[39m [31m[2m(client)[22m[39m [31m[Unhandled rejection] [1mDeveloperError[22m: normalized result is not a number
[39m > new DeveloperError node_modules/@cesium/engine/Source/Core/DeveloperError.js:39:10
 > Cartesian3.normalize node_modules/@cesium/engine/Source/Core/Cartesian3.js:419:12
 > Cartesian3.fromRadians node_modules/@cesium/engine/Source/Core/Cartesian3.js:886:26
 > Cartesian3.fromDegrees node_modules/@cesium/engine/Source/Core/Cartesian3.js:847:22
 > Cartesian3.fromDegreesArrayHeights node_modules/@cesium/engine/Source/Core/Cartesian3.js:1020:33
 > buildSolarWindFlow src/main.js:721:46
    719 |          ds.entities.add({
    720 |              polyline: {
    721 |                  positions: Cesium.Cartesian3.fromDegreesArrayHeights(pts),
        |                                                ^
    722 |                  width: width,
    723 |                  material: new Cesium.PolylineGlowMaterialProperty({

[2m6:49:22 AM[22m [31m[1m[vite][22m[39m [31m[2m(client)[22m[39m [31m[Unhandled rejection] [1mTypeError[22m: Cannot read properties of undefined (reading 'toFixed')
[39m > updLunar src/main.js:2534:201
    2532 |  function updXRS(d) { if (!d) return; if (d.current_flux) { const f = d.current_flux; const cl = f >= 1e-4 ? `X${(f / ...
    2533 |  function updSun(d) { if (!d?.images) return; window._si = d.images; const img = document.getElementById('sun-image');...
    2534 |  ...il').textContent = `${d.illumination}% | F:${d.tidal_force.toFixed(2)} | dF:${d.tidal_rate.toFixed(2)}`; document....
         |                                                                 ^
    2535 |  function updCR(d) { if (!d?.stations) return; const ks = Object.keys(d.stations); if (!ks.length) return; const avg =...
    2536 |  function updGlobalCR(d) { if (!d || d.error) return; const stEl = document.getElementById('cr-stations'); if (stEl) s...
 > poll src/main.js:2649:15

[2m6:49:23 AM[22m [31m[1m[vite][22m[39m [31m[2m(client)[22m[39m [31m[Unhandled rejection] [1mDeveloperError[22m: Expected longitude to be typeof number, actual typeof was undefined
[39m > new DeveloperError node_modules/@cesium/engine/Source/Core/DeveloperError.js:39:10
 > Check.typeOf.number node_modules/@cesium/engine/Source/Core/Check.js:75:10
 > Cartesian3.fromDegrees node_modules/@cesium/engine/Source/Core/Cartesian3.js:841:17
 > updateSubsolar src/main.js:424:37
    422 |      // Subsolar point marker
    423 |      subsolarEntity = ds.entities.add({
    424 |          position: Cesium.Cartesian3.fromDegrees(data.lon, data.lat, 50000),
        |                                       ^
    425 |          point: {
    426 |              pixelSize: 18,

[2m6:49:23 AM[22m [31m[1m[vite][22m[39m [31m[2m(client)[22m[39m [31m[Unhandled rejection] [1mDeveloperError[22m: normalized result is not a number
[39m > new DeveloperError node_modules/@cesium/engine/Source/Core/DeveloperError.js:39:10
 > Cartesian3.normalize node_modules/@cesium/engine/Source/Core/Cartesian3.js:419:12
 > Cartesian3.fromRadians node_modules/@cesium/engine/Source/Core/Cartesian3.js:886:26
 > Cartesian3.fromDegrees node_modules/@cesium/engine/Source/Core/Cartesian3.js:847:22
 > Cartesian3.fromDegreesArray node_modules/@cesium/engine/Source/Core/Cartesian3.js:931:33
 > updateTerminator src/main.js:484:42
    482 |      ds.entities.add({
    483 |          polyline: {
    484 |              positions: Cesium.Cartesian3.fromDegreesArray(positions),
        |                                            ^
    485 |              width: 2,
    486 |              material: new Cesium.ColorMaterialProperty(

[2m6:49:24 AM[22m [31m[1m[vite][22m[39m [31m[2m(client)[22m[39m [31m[Unhandled rejection] [1mDeveloperError[22m: normalized result is not a number
[39m > new DeveloperError node_modules/@cesium/engine/Source/Core/DeveloperError.js:39:10
 > Cartesian3.normalize node_modules/@cesium/engine/Source/Core/Cartesian3.js:419:12
 > Cartesian3.fromRadians node_modules/@cesium/engine/Source/Core/Cartesian3.js:886:26
 > Cartesian3.fromDegrees node_modules/@cesium/engine/Source/Core/Cartesian3.js:847:22
 > Cartesian3.fromDegreesArrayHeights node_modules/@cesium/engine/Source/Core/Cartesian3.js:1020:33
 > buildSolarWindFlow src/main.js:721:46
    719 |          ds.entities.add({
    720 |              polyline: {
    721 |                  positions: Cesium.Cartesian3.fromDegreesArrayHeights(pts),
        |                                                ^
    722 |                  width: width,
    723 |                  material: new Cesium.PolylineGlowMaterialProperty({

[2m12:35:26 AM[22m [31m[1m[vite][22m[39m [31m[2m(client)[22m[39m [31m[Unhandled rejection] [1mTypeError[22m: Cannot read properties of undefined (reading 'toFixed')
[39m > updLunar src/main.js:2534:201
    2532 |  function updXRS(d) { if (!d) return; if (d.current_flux) { const f = d.current_flux; const cl = f >= 1e-4 ? `X${(f / ...
    2533 |  function updSun(d) { if (!d?.images) return; window._si = d.images; const img = document.getElementById('sun-image');...
    2534 |  ...il').textContent = `${d.illumination}% | F:${d.tidal_force.toFixed(2)} | dF:${d.tidal_rate.toFixed(2)}`; document....
         |                                                                 ^
    2535 |  function updCR(d) { if (!d?.stations) return; const ks = Object.keys(d.stations); if (!ks.length) return; const avg =...
    2536 |  function updGlobalCR(d) { if (!d || d.error) return; const stEl = document.getElementById('cr-stations'); if (stEl) s...
 > poll src/main.js:2649:15

[2m12:35:27 AM[22m [31m[1m[vite][22m[39m [31m[2m(client)[22m[39m [31m[Unhandled rejection] [1mDeveloperError[22m: Expected longitude to be typeof number, actual typeof was undefined
[39m > new DeveloperError node_modules/@cesium/engine/Source/Core/DeveloperError.js:39:10
 > Check.typeOf.number node_modules/@cesium/engine/Source/Core/Check.js:75:10
 > Cartesian3.fromDegrees node_modules/@cesium/engine/Source/Core/Cartesian3.js:841:17
 > updateSubsolar src/main.js:424:37
    422 |      // Subsolar point marker
    423 |      subsolarEntity = ds.entities.add({
    424 |          position: Cesium.Cartesian3.fromDegrees(data.lon, data.lat, 50000),
        |                                       ^
    425 |          point: {
    426 |              pixelSize: 18,

[2m12:35:27 AM[22m [31m[1m[vite][22m[39m [31m[2m(client)[22m[39m [31m[Unhandled rejection] [1mDeveloperError[22m: normalized result is not a number
[39m > new DeveloperError node_modules/@cesium/engine/Source/Core/DeveloperError.js:39:10
 > Cartesian3.normalize node_modules/@cesium/engine/Source/Core/Cartesian3.js:419:12
 > Cartesian3.fromRadians node_modules/@cesium/engine/Source/Core/Cartesian3.js:886:26
 > Cartesian3.fromDegrees node_modules/@cesium/engine/Source/Core/Cartesian3.js:847:22
 > Cartesian3.fromDegreesArray node_modules/@cesium/engine/Source/Core/Cartesian3.js:931:33
 > updateTerminator src/main.js:484:42
    482 |      ds.entities.add({
    483 |          polyline: {
    484 |              positions: Cesium.Cartesian3.fromDegreesArray(positions),
        |                                            ^
    485 |              width: 2,
    486 |              material: new Cesium.ColorMaterialProperty(

[2m12:35:28 AM[22m [31m[1m[vite][22m[39m [31m[2m(client)[22m[39m [31m[Unhandled rejection] [1mDeveloperError[22m: normalized result is not a number
[39m > new DeveloperError node_modules/@cesium/engine/Source/Core/DeveloperError.js:39:10
 > Cartesian3.normalize node_modules/@cesium/engine/Source/Core/Cartesian3.js:419:12
 > Cartesian3.fromRadians node_modules/@cesium/engine/Source/Core/Cartesian3.js:886:26
 > Cartesian3.fromDegrees node_modules/@cesium/engine/Source/Core/Cartesian3.js:847:22
 > Cartesian3.fromDegreesArrayHeights node_modules/@cesium/engine/Source/Core/Cartesian3.js:1020:33
 > buildSolarWindFlow src/main.js:721:46
    719 |          ds.entities.add({
    720 |              polyline: {
    721 |                  positions: Cesium.Cartesian3.fromDegreesArrayHeights(pts),
        |                                                ^
    722 |                  width: width,
    723 |                  material: new Cesium.PolylineGlowMaterialProperty({

